rst:0x1 (POWERON_RESET),boot:0x13 (SPI_FAST_FLASH_BOOT)
configsip: 0, SPIWP:0xee
clk_drv:0x00,q_drv:0x00,d_drv:0x00,cs0_drv:0x00,hd_drv:0x00,wp_drv:0x00
mode:DIO, clock div:2
load:0x3fff0030,len:6276
load:0x40078000,len:15748
load:0x40080400,len:4
--- 0x40080400: _init at ??:?
ho 8 tail 4 room 4
load:0x40080404,len:3860
entry 0x4008063c
I (31) boot: ESP-IDF v5.4.1 2nd stage bootloader
I (31) boot: compile time Sep 12 2025 14:39:22
I (31) boot: Multicore bootloader
I (32) boot: chip revision: v3.1
I (35) boot.esp32: SPI Speed      : 40MHz
I (39) boot.esp32: SPI Mode       : DIO
I (43) boot.esp32: SPI Flash Size : 4MB
I (46) boot: Enabling RNG early entropy source...
I (51) boot: Partition Table:
I (53) boot: ## Label            Usage          Type ST Offset   Length
I (60) boot:  0 esp_secure_cert  unknown          3f 06 0000d000 00002000
I (66) boot:  1 nvs              WiFi data        01 02 00010000 0000c000
I (73) boot:  2 nvs_keys         NVS keys         01 04 0001c000 00001000
I (79) boot:  3 otadata          OTA data         01 00 0001d000 00002000
I (86) boot:  4 phy_init         RF data          01 01 0001f000 00001000
I (92) boot:  5 ota_0            OTA app          00 10 00020000 001e0000
I (99) boot:  6 ota_1            OTA app          00 11 00200000 001e0000
I (105) boot:  7 fctry            WiFi data        01 02 003e0000 00006000
I (112) boot: End of partition table
I (115) boot: No factory image, trying OTA 0
I (119) esp_image: segment 0: paddr=00020020 vaddr=3f400020 size=33024h (208932) map
I (198) esp_image: segment 1: paddr=0005304c vaddr=3ff80000 size=0001ch (    28) load
I (198) esp_image: segment 2: paddr=00053070 vaddr=3ffbdb60 size=05f60h ( 24416) load
I (211) esp_image: segment 3: paddr=00058fd8 vaddr=40080000 size=07040h ( 28736) load
I (222) esp_image: segment 4: paddr=00060020 vaddr=400d0020 size=10813ch (1081660) map
I (592) esp_image: segment 5: paddr=00168164 vaddr=40087040 size=17620h ( 95776) load
I (644) boot: Loaded app from partition at offset 0x20000
I (692) boot: Set actual ota_seq=1 in otadata[0]
I (692) boot: Disabling RNG early entropy source...
I (702) cpu_start: Multicore app
I (710) cpu_start: Pro cpu start user code
I (710) cpu_start: cpu freq: 160000000 Hz
I (710) app_init: Application information:
I (710) app_init: Project name:     lilFlowerPal
I (715) app_init: App version:      1.0
I (718) app_init: Compile time:     Sep 12 2025 14:39:16
I (723) app_init: ELF file SHA256:  d26e352ae...
I (728) app_init: ESP-IDF:          v5.4.1
I (732) efuse_init: Min chip rev:     v0.0
I (735) efuse_init: Max chip rev:     v3.99 
I (739) efuse_init: Chip rev:         v3.1
I (743) heap_init: Initializing. RAM available for dynamic allocation:
I (750) heap_init: At 3FFAFF10 len 000000F0 (0 KiB): DRAM
I (755) heap_init: At 3FFB6388 len 00001C78 (7 KiB): DRAM
I (760) heap_init: At 3FFB9A20 len 00004108 (16 KiB): DRAM
I (765) heap_init: At 3FFD7F10 len 000080F0 (32 KiB): DRAM
I (770) heap_init: At 3FFE0440 len 00003AE0 (14 KiB): D/IRAM
I (775) heap_init: At 3FFE4350 len 0001BCB0 (111 KiB): D/IRAM
I (781) heap_init: At 4009E660 len 000019A0 (6 KiB): IRAM
I (788) spi_flash: detected chip: generic
I (790) spi_flash: flash io: dio
I (797) coexist: coex firmware version: e727207
I (798) main_task: Started on CPU0
I (808) main_task: Calling app_main()
I (828) app_main: Pump 1 created with endpoint_id 1
I (828) app_main: Pump 2 created with endpoint_id 2
I (828) app_main: Pump 3 created with endpoint_id 3
I (838) app_main: Pump 4 created with endpoint_id 4
I (848) wifi:wifi driver task: 3ffded30, prio:23, stack:6656, core=0
I (848) wifi:wifi firmware version: 79fa3f41ba
I (848) wifi:wifi certification version: v7.0
I (848) wifi:config NVS flash: enabled
I (858) wifi:config nano formatting: disabled
I (858) wifi:Init data frame dynamic rx buffer num: 32
I (858) wifi:Init static rx mgmt buffer num: 5
I (868) wifi:Init management short buffer num: 32
I (868) wifi:Init dynamic tx buffer num: 32
I (878) wifi:Init static rx buffer size: 1600
I (878) wifi:Init static rx buffer num: 10
I (878) wifi:Init dynamic rx buffer num: 32
I (888) wifi_init: rx ba win: 6
I (888) wifi_init: accept mbox: 6
I (888) wifi_init: tcpip mbox: 32
I (898) wifi_init: udp mbox: 6
I (898) wifi_init: tcp mbox: 6
I (898) wifi_init: tcp tx win: 5760
I (908) wifi_init: tcp rx win: 5760
I (908) wifi_init: tcp mss: 1440
I (908) wifi_init: WiFi IRAM OP enabled
I (918) wifi_init: WiFi RX IRAM OP enabled
I (928) chip[DL]: NVS set: chip-counters/reboot-count = 1 (0x1)
I (928) chip[DL]: NVS set: chip-config/unique-id = "D33F9960B498784F"
I (928) BTDM_INIT: BT controller compile version [dc1cd58]
I (938) BTDM_INIT: Bluetooth MAC: c8:2e:18:60:ab:16
I (938) phy_init: phy_version 4860,6b7a6e5,Feb  6 2025,14:47:07
W (948) phy_init: failed to load RF calibration data (0x1102), falling back to full calibration
I (1018) phy_init: Saving new calibration data due to checksum failure or outdated calibration data, mode(2)
I (1308) CHIP[DL]: BLE host-controller synced
E (1818) chip[DL]: Long dispatch time: 883 ms, for event type 2
I (1818) chip[DL]: Starting ESP WiFi layer
I (1818) wifi:mode : sta (c8:2e:18:60:ab:14)
I (1818) wifi:enable tsf
I (1818) chip[DL]: Posting ESPSystemEvent: Wifi Event with eventId : 43
W (1828) wifi:Haven't to connect to a suitable AP now!
I (1828) chip[DL]: Done driving station state, nothing else to do...
I (1838) chip[DL]: Posting ESPSystemEvent: Wifi Event with eventId : 2
W (1848) wifi:Haven't to connect to a suitable AP now!
I (1848) chip[DL]: Done driving station state, nothing else to do...
I (1858) chip[SVR]: Initializing subscription resumption storage...
I (1858) chip[SVR]: Server initializing...
I (1868) chip[TS]: Last Known Good Time: [unknown]
I (1868) chip[TS]: Setting Last Known Good Time to firmware build time 2023-10-14T01:16:48
I (1878) chip[DMG]: AccessControl: initializing
I (1878) chip[DMG]: Examples::AccessControlDelegate::Init
I (1888) chip[DMG]: AccessControl: setting
I (1888) chip[DMG]: DefaultAclStorage: initializing
I (1898) chip[DMG]: DefaultAclStorage: 0 entries loaded
I (1898) chip[SVR]: WARNING: mTestEventTriggerDelegate is null
I (1918) esp_matter_cluster: Cluster plugin init common callback
I (1918) chip[DMG]: AccessControlCluster: initializing
I (1918) chip[ZCL]: Boot reason: 1
I (1918) chip[ZCL]: Endpoint 1 On/off already set to new value
I (1928) chip[ZCL]: Boot reason: 1
I (1928) chip[ZCL]: Endpoint 2 On/off already set to new value
I (1928) chip[ZCL]: Boot reason: 1
I (1938) chip[ZCL]: Endpoint 3 On/off already set to new value
I (1938) chip[ZCL]: Boot reason: 1
I (1948) chip[ZCL]: Endpoint 4 On/off already set to new value
I (1948) chip[DIS]: Updating services using commissioning mode 1
I (1958) chip[DIS]: CHIP minimal mDNS started advertising.
I (1958) chip[DIS]: Advertise commission parameter vendorID=65521 productID=32768 discriminator=3840/15 cm=1 cp=0 jf=0
I (1968) chip[DIS]: CHIP minimal mDNS configured as 'Commissionable node device'; instance name: FDD88F25E90AD821.
I (1978) chip[DIS]: mDNS service published: _matterc._udp
I (1988) chip[IN]: CASE Server enabling CASE session setups
I (1988) chip[SVR]: Joining Multicast groups
I (1998) chip[SVR]: Server Listening...
I (1998) chip[DL]: WIFI_EVENT_STA_START
W (2008) wifi:Haven't to connect to a suitable AP now!
I (2008) data_model: Cannot find minimum unused endpoint_id, try to find in the previous namespace
I (2018) data_model: Failed to open node namespace
I (2018) chip[DL]: Done driving station state, nothing else to do...
I (2048) chip[DL]: Configuring CHIPoBLE advertising (interval 25 ms, connectable)
I (2048) NimBLE: GAP procedure initiated: advertise; 
I (2048) NimBLE: disc_mode=2
I (2058) NimBLE:  adv_channel_map=0 own_addr_type=1 adv_filter_policy=0 adv_itvl_min=40 adv_itvl_max=40
I (2058) NimBLE: 

I (2068) chip[DL]: CHIPoBLE advertising started
I (2068) app_main: Commissioning window opened
I (2078) pump_task: Initializing pump at GPIO 26
I (2128) pump_task: Initializing pump at GPIO 27
I (2178) pump_task: Initializing pump at GPIO 14
I (2538) main_task: Returned from app_main()
I (31948) chip[DL]: bleAdv Timeout : Start slow advertisement
I (31958) chip[DL]: Configuring CHIPoBLE advertising (interval 500 ms, connectable)
I (31958) chip[DL]: Device already advertising, stop active advertisement and restart
I (31968) NimBLE: GAP procedure initiated: stop advertising.

I (31978) NimBLE: GAP procedure initiated: advertise; 
I (31978) NimBLE: disc_mode=2
I (31978) NimBLE:  adv_channel_map=0 own_addr_type=1 adv_filter_policy=0 adv_itvl_min=800 adv_itvl_max=800
I (31988) NimBLE: 